[2026-05-12 12:55:56] [INFO] 开始处理: /app/data/所有对话/主对话/用户上传/TZ-01 — 坦桑尼亚权力结构：CCM一党独大、Hassan改革与隐形精英网络深度研究报告_1778535286954_2_gpsn.pdf
[2026-05-12 12:55:56] [INFO] 步骤1: 解析PDF...
[2026-05-12 12:55:56] [INFO] 开始解析PDF: /app/data/所有对话/主对话/用户上传/TZ-01 — 坦桑尼亚权力结构：CCM一党独大、Hassan改革与隐形精英网络深度研究报告_1778535286954_2_gpsn.pdf
[2026-05-12 12:55:57] [SUCCESS] PDF解析成功，使用pdftotext，共10168字符
[2026-05-12 12:55:57] [INFO] 源文件指纹: MD5=2fcd434cdee6ed45..., SHA256=e38c657c7eeafac4...
[2026-05-12 12:55:57] [INFO] 步骤2: 生成目标路径...
[2026-05-12 12:55:57] [INFO] intel-kb: /root/invest-db/intel-kb/internal/political-intel/tanzania/tz-power-structure-ccm-test.md
[2026-05-12 12:55:57] [INFO] WIKI: /app/data/所有对话/主对话/STANDERRA-Wiki/三、支撑域/市场研究/tanzania/deep-research/tz-power-structure-ccm-test.md
[2026-05-12 12:55:57] [INFO] 网站: /root/invest-db/src/content/countries/tanzania/insight/power-structure/tz-power-structure-ccm-test.mdx
[2026-05-12 12:55:57] [INFO] 步骤3: 写入intel-kb全文版...
[2026-05-12 12:55:57] [SUCCESS] 文件写入成功: /root/invest-db/intel-kb/internal/political-intel/tanzania/tz-power-structure-ccm-test.md
[2026-05-12 12:55:57] [SUCCESS] 校验通过: /root/invest-db/intel-kb/internal/political-intel/tanzania/tz-power-structure-ccm-test.md
[2026-05-12 12:55:57] [INFO] 步骤4: 写入WIKI全文版...
[2026-05-12 12:55:57] [SUCCESS] 文件写入成功: /app/data/所有对话/主对话/STANDERRA-Wiki/三、支撑域/市场研究/tanzania/deep-research/tz-power-structure-ccm-test.md
[2026-05-12 12:55:57] [SUCCESS] 校验通过: /app/data/所有对话/主对话/STANDERRA-Wiki/三、支撑域/市场研究/tanzania/deep-research/tz-power-structure-ccm-test.md
[2026-05-12 12:55:57] [INFO] 步骤5: 写入网站脱敏版...
[2026-05-12 12:55:57] [SUCCESS] 文件写入成功: /root/invest-db/src/content/countries/tanzania/insight/power-structure/tz-power-structure-ccm-test.mdx
[2026-05-12 12:55:57] [SUCCESS] 校验通过: /root/invest-db/src/content/countries/tanzania/insight/power-structure/tz-power-structure-ccm-test.mdx
[2026-05-12 12:55:57] [INFO] 步骤6: Build验证...
[2026-05-12 12:55:57] [INFO] 跳过Build验证（--skip-build参数）
