[2026-05-12 15:43:50] [INFO] 加载配置文件: scripts/batch_v4_all.json
[2026-05-12 15:43:50] [INFO] 共14个任务待处理
[2026-05-12 15:43:50] [INFO] 任务: rwanda-infrastructure-throughput
[2026-05-12 15:43:50] [INFO] 开始处理: /app/data/所有对话/主对话/用户上传/卢旺达基础设施实际吞吐与区域总部可行性深度情报报告 (2025-2026)_1778571708250_0_0k8s.pdf
[2026-05-12 15:43:50] [INFO] 步骤1: 解析PDF...
[2026-05-12 15:43:50] [INFO] 开始解析PDF: /app/data/所有对话/主对话/用户上传/卢旺达基础设施实际吞吐与区域总部可行性深度情报报告 (2025-2026)_1778571708250_0_0k8s.pdf
[2026-05-12 15:43:50] [SUCCESS] PDF解析成功，使用pdftotext，共11460字符
[2026-05-12 15:43:50] [INFO] 源文件指纹: MD5=ec34f27b1ff5bb20..., SHA256=18b03459e8769b26...
[2026-05-12 15:43:50] [INFO] 步骤2: 生成目标路径...
[2026-05-12 15:43:50] [INFO] intel-kb: /root/invest-db/intel-kb/internal/rwanda/rwanda-infrastructure-throughput.md
[2026-05-12 15:43:50] [INFO] WIKI: /app/data/所有对话/主对话/STANDERRA-Wiki/三、支撑域/市场研究/rwanda/deep-research/rwanda-infrastructure-throughput.md
[2026-05-12 15:43:50] [INFO] 网站: /root/invest-db/src/content/countries/rwanda/industry/foundation/rwanda-infrastructure-throughput.mdx
[2026-05-12 15:43:50] [INFO] 步骤3: 写入intel-kb全文版...
[2026-05-12 15:43:50] [SUCCESS] 文件写入成功: /root/invest-db/intel-kb/internal/rwanda/rwanda-infrastructure-throughput.md
[2026-05-12 15:43:50] [SUCCESS] 校验通过: /root/invest-db/intel-kb/internal/rwanda/rwanda-infrastructure-throughput.md
[2026-05-12 15:43:50] [INFO] 步骤4: 写入WIKI全文版...
[2026-05-12 15:43:50] [SUCCESS] 文件写入成功: /app/data/所有对话/主对话/STANDERRA-Wiki/三、支撑域/市场研究/rwanda/deep-research/rwanda-infrastructure-throughput.md
[2026-05-12 15:43:50] [SUCCESS] 校验通过: /app/data/所有对话/主对话/STANDERRA-Wiki/三、支撑域/市场研究/rwanda/deep-research/rwanda-infrastructure-throughput.md
[2026-05-12 15:43:50] [INFO] 步骤5: 写入网站脱敏版...
[2026-05-12 15:43:50] [SUCCESS] 文件写入成功: /root/invest-db/src/content/countries/rwanda/industry/foundation/rwanda-infrastructure-throughput.mdx
[2026-05-12 15:43:50] [SUCCESS] 校验通过: /root/invest-db/src/content/countries/rwanda/industry/foundation/rwanda-infrastructure-throughput.mdx
[2026-05-12 15:43:50] [INFO] 步骤6: Build验证...
[2026-05-12 15:43:50] [INFO] 跳过Build验证（--skip-build参数）
[2026-05-12 15:43:50] [INFO] 任务: rwanda-investment-env-comparison
[2026-05-12 15:43:50] [INFO] 开始处理: /app/data/所有对话/主对话/用户上传/卢旺达投资环境深度情报与东非五国横向对比分析报告 (2026版)_1778571708250_1_mvgd.pdf
[2026-05-12 15:43:50] [INFO] 步骤1: 解析PDF...
[2026-05-12 15:43:50] [INFO] 开始解析PDF: /app/data/所有对话/主对话/用户上传/卢旺达投资环境深度情报与东非五国横向对比分析报告 (2026版)_1778571708250_1_mvgd.pdf
[2026-05-12 15:43:50] [SUCCESS] PDF解析成功，使用pdftotext，共15864字符
[2026-05-12 15:43:50] [INFO] 源文件指纹: MD5=dde9227e08400568..., SHA256=9fc1b832099c7d16...
[2026-05-12 15:43:50] [INFO] 步骤2: 生成目标路径...
[2026-05-12 15:43:50] [INFO] intel-kb: /root/invest-db/intel-kb/internal/rwanda/rwanda-investment-env-comparison.md
[2026-05-12 15:43:50] [INFO] WIKI: /app/data/所有对话/主对话/STANDERRA-Wiki/三、支撑域/市场研究/rwanda/deep-research/rwanda-investment-env-comparison.md
[2026-05-12 15:43:50] [INFO] 网站: /root/invest-db/src/content/countries/rwanda/toolkit/data-dashboards/rwanda-investment-env-comparison.mdx
[2026-05-12 15:43:50] [INFO] 步骤3: 写入intel-kb全文版...
[2026-05-12 15:43:50] [SUCCESS] 文件写入成功: /root/invest-db/intel-kb/internal/rwanda/rwanda-investment-env-comparison.md
[2026-05-12 15:43:50] [SUCCESS] 校验通过: /root/invest-db/intel-kb/internal/rwanda/rwanda-investment-env-comparison.md
[2026-05-12 15:43:50] [INFO] 步骤4: 写入WIKI全文版...
[2026-05-12 15:43:50] [SUCCESS] 文件写入成功: /app/data/所有对话/主对话/STANDERRA-Wiki/三、支撑域/市场研究/rwanda/deep-research/rwanda-investment-env-comparison.md
[2026-05-12 15:43:50] [SUCCESS] 校验通过: /app/data/所有对话/主对话/STANDERRA-Wiki/三、支撑域/市场研究/rwanda/deep-research/rwanda-investment-env-comparison.md
[2026-05-12 15:43:50] [INFO] 步骤5: 写入网站脱敏版...
[2026-05-12 15:43:50] [SUCCESS] 文件写入成功: /root/invest-db/src/content/countries/rwanda/toolkit/data-dashboards/rwanda-investment-env-comparison.mdx
[2026-05-12 15:43:50] [SUCCESS] 校验通过: /root/invest-db/src/content/countries/rwanda/toolkit/data-dashboards/rwanda-investment-env-comparison.mdx
[2026-05-12 15:43:50] [INFO] 步骤6: Build验证...
[2026-05-12 15:43:50] [INFO] 跳过Build验证（--skip-build参数）
[2026-05-12 15:43:50] [INFO] 任务: uganda-practical-guide-chinese
[2026-05-12 15:43:50] [INFO] 开始处理: /app/data/所有对话/主对话/用户上传/深度情报：东非投资全景评估与乌干达市场中资企业实操指南 (2026版)_1778571708251_2_zx1y.pdf
[2026-05-12 15:43:50] [INFO] 步骤1: 解析PDF...
[2026-05-12 15:43:50] [INFO] 开始解析PDF: /app/data/所有对话/主对话/用户上传/深度情报：东非投资全景评估与乌干达市场中资企业实操指南 (2026版)_1778571708251_2_zx1y.pdf
[2026-05-12 15:43:51] [SUCCESS] PDF解析成功，使用pdftotext，共10512字符
[2026-05-12 15:43:51] [INFO] 源文件指纹: MD5=7273f8059e6c8826..., SHA256=708178732256d73a...
[2026-05-12 15:43:51] [INFO] 步骤2: 生成目标路径...
[2026-05-12 15:43:51] [INFO] intel-kb: /root/invest-db/intel-kb/internal/uganda/uganda-practical-guide-chinese.md
[2026-05-12 15:43:51] [INFO] WIKI: /app/data/所有对话/主对话/STANDERRA-Wiki/三、支撑域/市场研究/uganda/deep-research/uganda-practical-guide-chinese.md
[2026-05-12 15:43:51] [INFO] 网站: /root/invest-db/src/content/countries/uganda/decision/quick-cards/uganda-practical-guide-chinese.mdx
[2026-05-12 15:43:51] [INFO] 步骤3: 写入intel-kb全文版...
[2026-05-12 15:43:51] [SUCCESS] 文件写入成功: /root/invest-db/intel-kb/internal/uganda/uganda-practical-guide-chinese.md
[2026-05-12 15:43:51] [SUCCESS] 校验通过: /root/invest-db/intel-kb/internal/uganda/uganda-practical-guide-chinese.md
[2026-05-12 15:43:51] [INFO] 步骤4: 写入WIKI全文版...
[2026-05-12 15:43:51] [SUCCESS] 文件写入成功: /app/data/所有对话/主对话/STANDERRA-Wiki/三、支撑域/市场研究/uganda/deep-research/uganda-practical-guide-chinese.md
[2026-05-12 15:43:51] [SUCCESS] 校验通过: /app/data/所有对话/主对话/STANDERRA-Wiki/三、支撑域/市场研究/uganda/deep-research/uganda-practical-guide-chinese.md
[2026-05-12 15:43:51] [INFO] 步骤5: 写入网站脱敏版...
[2026-05-12 15:43:51] [SUCCESS] 文件写入成功: /root/invest-db/src/content/countries/uganda/decision/quick-cards/uganda-practical-guide-chinese.mdx
[2026-05-12 15:43:51] [SUCCESS] 校验通过: /root/invest-db/src/content/countries/uganda/decision/quick-cards/uganda-practical-guide-chinese.mdx
[2026-05-12 15:43:51] [INFO] 步骤6: Build验证...
[2026-05-12 15:43:51] [INFO] 跳过Build验证（--skip-build参数）
[2026-05-12 15:43:51] [INFO] 任务: ethiopia-supply-chain-manufacturing
[2026-05-12 15:43:51] [INFO] 开始处理: /app/data/所有对话/主对话/用户上传/深度研究报告：埃塞俄比亚制造业供应链可获性与中资企业投资决策指南_1778571708251_3_d26m.pdf
[2026-05-12 15:43:51] [INFO] 步骤1: 解析PDF...
[2026-05-12 15:43:51] [INFO] 开始解析PDF: /app/data/所有对话/主对话/用户上传/深度研究报告：埃塞俄比亚制造业供应链可获性与中资企业投资决策指南_1778571708251_3_d26m.pdf
[2026-05-12 15:43:51] [SUCCESS] PDF解析成功，使用pdftotext，共14562字符
[2026-05-12 15:43:51] [INFO] 源文件指纹: MD5=28a7a7cdd809f282..., SHA256=9c3ae3296eeed777...
[2026-05-12 15:43:51] [INFO] 步骤2: 生成目标路径...
[2026-05-12 15:43:51] [INFO] intel-kb: /root/invest-db/intel-kb/internal/ethiopia/ethiopia-supply-chain-manufacturing.md
[2026-05-12 15:43:51] [INFO] WIKI: /app/data/所有对话/主对话/STANDERRA-Wiki/三、支撑域/市场研究/ethiopia/deep-research/ethiopia-supply-chain-manufacturing.md
[2026-05-12 15:43:51] [INFO] 网站: /root/invest-db/src/content/countries/ethiopia/industry/commerce/ethiopia-supply-chain-manufacturing.mdx
[2026-05-12 15:43:51] [INFO] 步骤3: 写入intel-kb全文版...
[2026-05-12 15:43:51] [SUCCESS] 文件写入成功: /root/invest-db/intel-kb/internal/ethiopia/ethiopia-supply-chain-manufacturing.md
[2026-05-12 15:43:51] [SUCCESS] 校验通过: /root/invest-db/intel-kb/internal/ethiopia/ethiopia-supply-chain-manufacturing.md
[2026-05-12 15:43:51] [INFO] 步骤4: 写入WIKI全文版...
[2026-05-12 15:43:51] [SUCCESS] 文件写入成功: /app/data/所有对话/主对话/STANDERRA-Wiki/三、支撑域/市场研究/ethiopia/deep-research/ethiopia-supply-chain-manufacturing.md
[2026-05-12 15:43:51] [SUCCESS] 校验通过: /app/data/所有对话/主对话/STANDERRA-Wiki/三、支撑域/市场研究/ethiopia/deep-research/ethiopia-supply-chain-manufacturing.md
[2026-05-12 15:43:51] [INFO] 步骤5: 写入网站脱敏版...
[2026-05-12 15:43:51] [SUCCESS] 文件写入成功: /root/invest-db/src/content/countries/ethiopia/industry/commerce/ethiopia-supply-chain-manufacturing.mdx
[2026-05-12 15:43:51] [SUCCESS] 校验通过: /root/invest-db/src/content/countries/ethiopia/industry/commerce/ethiopia-supply-chain-manufacturing.mdx
[2026-05-12 15:43:51] [INFO] 步骤6: Build验证...
[2026-05-12 15:43:51] [INFO] 跳过Build验证（--skip-build参数）
[2026-05-12 15:43:51] [INFO] 任务: uganda-supply-chain-ecosystem
[2026-05-12 15:43:51] [INFO] 开始处理: /app/data/所有对话/主对话/用户上传/深度研判：乌干达供应链可获性与中资东非产业协同战略报告 (2025-2026)_1778571708251_4_6v6e.pdf
[2026-05-12 15:43:51] [INFO] 步骤1: 解析PDF...
[2026-05-12 15:43:51] [INFO] 开始解析PDF: /app/data/所有对话/主对话/用户上传/深度研判：乌干达供应链可获性与中资东非产业协同战略报告 (2025-2026)_1778571708251_4_6v6e.pdf
[2026-05-12 15:43:51] [SUCCESS] PDF解析成功，使用pdftotext，共11418字符
[2026-05-12 15:43:51] [INFO] 源文件指纹: MD5=816f081e090c32d5..., SHA256=da18db15bc7fcb33...
[2026-05-12 15:43:51] [INFO] 步骤2: 生成目标路径...
[2026-05-12 15:43:51] [INFO] intel-kb: /root/invest-db/intel-kb/internal/uganda/uganda-supply-chain-ecosystem.md
[2026-05-12 15:43:51] [INFO] WIKI: /app/data/所有对话/主对话/STANDERRA-Wiki/三、支撑域/市场研究/uganda/deep-research/uganda-supply-chain-ecosystem.md
[2026-05-12 15:43:51] [INFO] 网站: /root/invest-db/src/content/countries/uganda/industry/foundation/uganda-supply-chain-ecosystem.mdx
[2026-05-12 15:43:51] [INFO] 步骤3: 写入intel-kb全文版...
[2026-05-12 15:43:51] [SUCCESS] 文件写入成功: /root/invest-db/intel-kb/internal/uganda/uganda-supply-chain-ecosystem.md
[2026-05-12 15:43:51] [SUCCESS] 校验通过: /root/invest-db/intel-kb/internal/uganda/uganda-supply-chain-ecosystem.md
[2026-05-12 15:43:51] [INFO] 步骤4: 写入WIKI全文版...
[2026-05-12 15:43:52] [SUCCESS] 文件写入成功: /app/data/所有对话/主对话/STANDERRA-Wiki/三、支撑域/市场研究/uganda/deep-research/uganda-supply-chain-ecosystem.md
[2026-05-12 15:43:52] [SUCCESS] 校验通过: /app/data/所有对话/主对话/STANDERRA-Wiki/三、支撑域/市场研究/uganda/deep-research/uganda-supply-chain-ecosystem.md
[2026-05-12 15:43:52] [INFO] 步骤5: 写入网站脱敏版...
[2026-05-12 15:43:52] [SUCCESS] 文件写入成功: /root/invest-db/src/content/countries/uganda/industry/foundation/uganda-supply-chain-ecosystem.mdx
[2026-05-12 15:43:52] [SUCCESS] 校验通过: /root/invest-db/src/content/countries/uganda/industry/foundation/uganda-supply-chain-ecosystem.mdx
[2026-05-12 15:43:52] [INFO] 步骤6: Build验证...
[2026-05-12 15:43:52] [INFO] 跳过Build验证（--skip-build参数）
[2026-05-12 15:43:52] [INFO] 任务: tanzania-infrastructure-throughput
[2026-05-12 15:43:52] [INFO] 开始处理: /app/data/所有对话/主对话/用户上传/坦桑尼亚基础设施实际吞吐能力与中资出海战略深度情报报告 (2026版)_1778571708252_5_mfrn.pdf
[2026-05-12 15:43:52] [INFO] 步骤1: 解析PDF...
[2026-05-12 15:43:52] [INFO] 开始解析PDF: /app/data/所有对话/主对话/用户上传/坦桑尼亚基础设施实际吞吐能力与中资出海战略深度情报报告 (2026版)_1778571708252_5_mfrn.pdf
[2026-05-12 15:43:52] [SUCCESS] PDF解析成功，使用pdftotext，共12477字符
[2026-05-12 15:43:52] [INFO] 源文件指纹: MD5=846da9fcf5a5e351..., SHA256=1321fde027379521...
[2026-05-12 15:43:52] [INFO] 步骤2: 生成目标路径...
[2026-05-12 15:43:52] [INFO] intel-kb: /root/invest-db/intel-kb/internal/tanzania/tanzania-infrastructure-throughput.md
[2026-05-12 15:43:52] [INFO] WIKI: /app/data/所有对话/主对话/STANDERRA-Wiki/三、支撑域/市场研究/tanzania/deep-research/tanzania-infrastructure-throughput.md
[2026-05-12 15:43:52] [INFO] 网站: /root/invest-db/src/content/countries/tanzania/industry/artery/tanzania-infrastructure-throughput.mdx
[2026-05-12 15:43:52] [INFO] 步骤3: 写入intel-kb全文版...
[2026-05-12 15:43:52] [SUCCESS] 文件写入成功: /root/invest-db/intel-kb/internal/tanzania/tanzania-infrastructure-throughput.md
[2026-05-12 15:43:52] [SUCCESS] 校验通过: /root/invest-db/intel-kb/internal/tanzania/tanzania-infrastructure-throughput.md
[2026-05-12 15:43:52] [INFO] 步骤4: 写入WIKI全文版...
[2026-05-12 15:43:52] [SUCCESS] 文件写入成功: /app/data/所有对话/主对话/STANDERRA-Wiki/三、支撑域/市场研究/tanzania/deep-research/tanzania-infrastructure-throughput.md
[2026-05-12 15:43:52] [SUCCESS] 校验通过: /app/data/所有对话/主对话/STANDERRA-Wiki/三、支撑域/市场研究/tanzania/deep-research/tanzania-infrastructure-throughput.md
[2026-05-12 15:43:52] [INFO] 步骤5: 写入网站脱敏版...
[2026-05-12 15:43:52] [SUCCESS] 文件写入成功: /root/invest-db/src/content/countries/tanzania/industry/artery/tanzania-infrastructure-throughput.mdx
[2026-05-12 15:43:52] [SUCCESS] 校验通过: /root/invest-db/src/content/countries/tanzania/industry/artery/tanzania-infrastructure-throughput.mdx
[2026-05-12 15:43:52] [INFO] 步骤6: Build验证...
[2026-05-12 15:43:52] [INFO] 跳过Build验证（--skip-build参数）
[2026-05-12 15:43:52] [INFO] 任务: tanzania-institutional-mechanics
[2026-05-12 15:43:52] [INFO] 开始处理: /app/data/所有对话/主对话/用户上传/坦桑尼亚制度运行机制与东非五国投资环境深度情报报告_1778571708252_6_spmh.pdf
[2026-05-12 15:43:52] [INFO] 步骤1: 解析PDF...
[2026-05-12 15:43:52] [INFO] 开始解析PDF: /app/data/所有对话/主对话/用户上传/坦桑尼亚制度运行机制与东非五国投资环境深度情报报告_1778571708252_6_spmh.pdf
[2026-05-12 15:43:52] [SUCCESS] PDF解析成功，使用pdftotext，共11522字符
[2026-05-12 15:43:52] [INFO] 源文件指纹: MD5=cc00bdc524be6c46..., SHA256=7aba8937164901b4...
[2026-05-12 15:43:52] [INFO] 步骤2: 生成目标路径...
[2026-05-12 15:43:52] [INFO] intel-kb: /root/invest-db/intel-kb/internal/tanzania/tanzania-institutional-mechanics.md
[2026-05-12 15:43:52] [INFO] WIKI: /app/data/所有对话/主对话/STANDERRA-Wiki/三、支撑域/市场研究/tanzania/deep-research/tanzania-institutional-mechanics.md
[2026-05-12 15:43:52] [INFO] 网站: /root/invest-db/src/content/countries/tanzania/insight/structural-change/tanzania-institutional-mechanics.mdx
[2026-05-12 15:43:52] [INFO] 步骤3: 写入intel-kb全文版...
[2026-05-12 15:43:52] [SUCCESS] 文件写入成功: /root/invest-db/intel-kb/internal/tanzania/tanzania-institutional-mechanics.md
[2026-05-12 15:43:52] [SUCCESS] 校验通过: /root/invest-db/intel-kb/internal/tanzania/tanzania-institutional-mechanics.md
[2026-05-12 15:43:52] [INFO] 步骤4: 写入WIKI全文版...
[2026-05-12 15:43:52] [SUCCESS] 文件写入成功: /app/data/所有对话/主对话/STANDERRA-Wiki/三、支撑域/市场研究/tanzania/deep-research/tanzania-institutional-mechanics.md
[2026-05-12 15:43:52] [SUCCESS] 校验通过: /app/data/所有对话/主对话/STANDERRA-Wiki/三、支撑域/市场研究/tanzania/deep-research/tanzania-institutional-mechanics.md
[2026-05-12 15:43:52] [INFO] 步骤5: 写入网站脱敏版...
[2026-05-12 15:43:52] [SUCCESS] 文件写入成功: /root/invest-db/src/content/countries/tanzania/insight/structural-change/tanzania-institutional-mechanics.mdx
[2026-05-12 15:43:52] [SUCCESS] 校验通过: /root/invest-db/src/content/countries/tanzania/insight/structural-change/tanzania-institutional-mechanics.mdx
[2026-05-12 15:43:52] [INFO] 步骤6: Build验证...
[2026-05-12 15:43:52] [INFO] 跳过Build验证（--skip-build参数）
[2026-05-12 15:43:52] [INFO] 任务: uganda-infrastructure-throughput
[2026-05-12 15:43:52] [INFO] 开始处理: /app/data/所有对话/主对话/用户上传/乌干达基础设施实际吞吐能力与东非投资战略深度评估报告 (2026版)_1778571708252_7_wngz.pdf
[2026-05-12 15:43:52] [INFO] 步骤1: 解析PDF...
[2026-05-12 15:43:52] [INFO] 开始解析PDF: /app/data/所有对话/主对话/用户上传/乌干达基础设施实际吞吐能力与东非投资战略深度评估报告 (2026版)_1778571708252_7_wngz.pdf
[2026-05-12 15:43:52] [SUCCESS] PDF解析成功，使用pdftotext，共11637字符
[2026-05-12 15:43:52] [INFO] 源文件指纹: MD5=cc6d36d06c561864..., SHA256=b35b3e1a886c5be5...
[2026-05-12 15:43:52] [INFO] 步骤2: 生成目标路径...
[2026-05-12 15:43:52] [INFO] intel-kb: /root/invest-db/intel-kb/internal/uganda/uganda-infrastructure-throughput.md
[2026-05-12 15:43:52] [INFO] WIKI: /app/data/所有对话/主对话/STANDERRA-Wiki/三、支撑域/市场研究/uganda/deep-research/uganda-infrastructure-throughput.md
[2026-05-12 15:43:52] [INFO] 网站: /root/invest-db/src/content/countries/uganda/industry/artery/uganda-infrastructure-throughput.mdx
[2026-05-12 15:43:52] [INFO] 步骤3: 写入intel-kb全文版...
[2026-05-12 15:43:52] [SUCCESS] 文件写入成功: /root/invest-db/intel-kb/internal/uganda/uganda-infrastructure-throughput.md
[2026-05-12 15:43:52] [SUCCESS] 校验通过: /root/invest-db/intel-kb/internal/uganda/uganda-infrastructure-throughput.md
[2026-05-12 15:43:52] [INFO] 步骤4: 写入WIKI全文版...
[2026-05-12 15:43:53] [SUCCESS] 文件写入成功: /app/data/所有对话/主对话/STANDERRA-Wiki/三、支撑域/市场研究/uganda/deep-research/uganda-infrastructure-throughput.md
[2026-05-12 15:43:53] [SUCCESS] 校验通过: /app/data/所有对话/主对话/STANDERRA-Wiki/三、支撑域/市场研究/uganda/deep-research/uganda-infrastructure-throughput.md
[2026-05-12 15:43:53] [INFO] 步骤5: 写入网站脱敏版...
[2026-05-12 15:43:53] [SUCCESS] 文件写入成功: /root/invest-db/src/content/countries/uganda/industry/artery/uganda-infrastructure-throughput.mdx
[2026-05-12 15:43:53] [SUCCESS] 校验通过: /root/invest-db/src/content/countries/uganda/industry/artery/uganda-infrastructure-throughput.mdx
[2026-05-12 15:43:53] [INFO] 步骤6: Build验证...
[2026-05-12 15:43:53] [INFO] 跳过Build验证（--skip-build参数）
[2026-05-12 15:43:53] [INFO] 任务: kenya-practical-guide-2026
[2026-05-12 15:43:53] [INFO] 开始处理: /app/data/所有对话/主对话/用户上传/2026东非五国投资情报与肯尼亚市场实操深度审视报告_1778571759971_0_xqni.pdf
[2026-05-12 15:43:53] [INFO] 步骤1: 解析PDF...
[2026-05-12 15:43:53] [INFO] 开始解析PDF: /app/data/所有对话/主对话/用户上传/2026东非五国投资情报与肯尼亚市场实操深度审视报告_1778571759971_0_xqni.pdf
[2026-05-12 15:43:53] [SUCCESS] PDF解析成功，使用pdftotext，共13512字符
[2026-05-12 15:43:53] [INFO] 源文件指纹: MD5=352054cff747769b..., SHA256=32d29b16ee172609...
[2026-05-12 15:43:53] [INFO] 步骤2: 生成目标路径...
[2026-05-12 15:43:53] [INFO] intel-kb: /root/invest-db/intel-kb/internal/kenya/kenya-practical-guide-2026.md
[2026-05-12 15:43:53] [INFO] WIKI: /app/data/所有对话/主对话/STANDERRA-Wiki/三、支撑域/市场研究/kenya/deep-research/kenya-practical-guide-2026.md
[2026-05-12 15:43:53] [INFO] 网站: /root/invest-db/src/content/countries/kenya/decision/quick-cards/kenya-practical-guide-2026.mdx
[2026-05-12 15:43:53] [INFO] 步骤3: 写入intel-kb全文版...
[2026-05-12 15:43:53] [SUCCESS] 文件写入成功: /root/invest-db/intel-kb/internal/kenya/kenya-practical-guide-2026.md
[2026-05-12 15:43:53] [SUCCESS] 校验通过: /root/invest-db/intel-kb/internal/kenya/kenya-practical-guide-2026.md
[2026-05-12 15:43:53] [INFO] 步骤4: 写入WIKI全文版...
[2026-05-12 15:43:53] [SUCCESS] 文件写入成功: /app/data/所有对话/主对话/STANDERRA-Wiki/三、支撑域/市场研究/kenya/deep-research/kenya-practical-guide-2026.md
[2026-05-12 15:43:53] [SUCCESS] 校验通过: /app/data/所有对话/主对话/STANDERRA-Wiki/三、支撑域/市场研究/kenya/deep-research/kenya-practical-guide-2026.md
[2026-05-12 15:43:53] [INFO] 步骤5: 写入网站脱敏版...
[2026-05-12 15:43:53] [SUCCESS] 文件写入成功: /root/invest-db/src/content/countries/kenya/decision/quick-cards/kenya-practical-guide-2026.mdx
[2026-05-12 15:43:53] [SUCCESS] 校验通过: /root/invest-db/src/content/countries/kenya/decision/quick-cards/kenya-practical-guide-2026.mdx
[2026-05-12 15:43:53] [INFO] 步骤6: Build验证...
[2026-05-12 15:43:53] [INFO] 跳过Build验证（--skip-build参数）
[2026-05-12 15:43:53] [INFO] 任务: ethiopia-institutional-mechanics-defacto
[2026-05-12 15:43:53] [INFO] 开始处理: /app/data/所有对话/主对话/用户上传/埃塞俄比亚及东非投资情报深度解析：去法规化（De Facto）视角的实操博弈与战略重构_1778571759971_1_rjt0.pdf
[2026-05-12 15:43:53] [INFO] 步骤1: 解析PDF...
[2026-05-12 15:43:53] [INFO] 开始解析PDF: /app/data/所有对话/主对话/用户上传/埃塞俄比亚及东非投资情报深度解析：去法规化（De Facto）视角的实操博弈与战略重构_1778571759971_1_rjt0.pdf
[2026-05-12 15:43:53] [SUCCESS] PDF解析成功，使用pdftotext，共11497字符
[2026-05-12 15:43:53] [INFO] 源文件指纹: MD5=0b048748f95109c5..., SHA256=97c805e9cea42d04...
[2026-05-12 15:43:53] [INFO] 步骤2: 生成目标路径...
[2026-05-12 15:43:53] [INFO] intel-kb: /root/invest-db/intel-kb/internal/ethiopia/ethiopia-institutional-mechanics-defacto.md
[2026-05-12 15:43:53] [INFO] WIKI: /app/data/所有对话/主对话/STANDERRA-Wiki/三、支撑域/市场研究/ethiopia/deep-research/ethiopia-institutional-mechanics-defacto.md
[2026-05-12 15:43:53] [INFO] 网站: /root/invest-db/src/content/countries/ethiopia/insight/structural-change/ethiopia-institutional-mechanics-defacto.mdx
[2026-05-12 15:43:53] [INFO] 步骤3: 写入intel-kb全文版...
[2026-05-12 15:43:53] [SUCCESS] 文件写入成功: /root/invest-db/intel-kb/internal/ethiopia/ethiopia-institutional-mechanics-defacto.md
[2026-05-12 15:43:53] [SUCCESS] 校验通过: /root/invest-db/intel-kb/internal/ethiopia/ethiopia-institutional-mechanics-defacto.md
[2026-05-12 15:43:53] [INFO] 步骤4: 写入WIKI全文版...
[2026-05-12 15:43:53] [SUCCESS] 文件写入成功: /app/data/所有对话/主对话/STANDERRA-Wiki/三、支撑域/市场研究/ethiopia/deep-research/ethiopia-institutional-mechanics-defacto.md
[2026-05-12 15:43:53] [SUCCESS] 校验通过: /app/data/所有对话/主对话/STANDERRA-Wiki/三、支撑域/市场研究/ethiopia/deep-research/ethiopia-institutional-mechanics-defacto.md
[2026-05-12 15:43:53] [INFO] 步骤5: 写入网站脱敏版...
[2026-05-12 15:43:53] [SUCCESS] 文件写入成功: /root/invest-db/src/content/countries/ethiopia/insight/structural-change/ethiopia-institutional-mechanics-defacto.mdx
[2026-05-12 15:43:53] [SUCCESS] 校验通过: /root/invest-db/src/content/countries/ethiopia/insight/structural-change/ethiopia-institutional-mechanics-defacto.mdx
[2026-05-12 15:43:53] [INFO] 步骤6: Build验证...
[2026-05-12 15:43:53] [INFO] 跳过Build验证（--skip-build参数）
[2026-05-12 15:43:53] [INFO] 任务: eac-infrastructure-throughput-comparison
[2026-05-12 15:43:53] [INFO] 开始处理: /app/data/所有对话/主对话/用户上传/东非五国基建实际吞吐与投资战略情报深度评估报告_1778571759972_2_q5hz.pdf
[2026-05-12 15:43:53] [INFO] 步骤1: 解析PDF...
[2026-05-12 15:43:53] [INFO] 开始解析PDF: /app/data/所有对话/主对话/用户上传/东非五国基建实际吞吐与投资战略情报深度评估报告_1778571759972_2_q5hz.pdf
[2026-05-12 15:43:53] [SUCCESS] PDF解析成功，使用pdftotext，共12365字符
[2026-05-12 15:43:53] [INFO] 源文件指纹: MD5=d5f361b0ec32792e..., SHA256=f26252037b4b62e7...
[2026-05-12 15:43:53] [INFO] 步骤2: 生成目标路径...
[2026-05-12 15:43:53] [INFO] intel-kb: /root/invest-db/intel-kb/internal/rwanda/eac-infrastructure-throughput-comparison.md
[2026-05-12 15:43:53] [INFO] WIKI: /app/data/所有对话/主对话/STANDERRA-Wiki/三、支撑域/市场研究/rwanda/deep-research/eac-infrastructure-throughput-comparison.md
[2026-05-12 15:43:53] [INFO] 网站: /root/invest-db/src/content/countries/rwanda/industry/logistics/eac-infrastructure-throughput-comparison.mdx
[2026-05-12 15:43:53] [INFO] 步骤3: 写入intel-kb全文版...
[2026-05-12 15:43:53] [SUCCESS] 文件写入成功: /root/invest-db/intel-kb/internal/rwanda/eac-infrastructure-throughput-comparison.md
[2026-05-12 15:43:53] [SUCCESS] 校验通过: /root/invest-db/intel-kb/internal/rwanda/eac-infrastructure-throughput-comparison.md
[2026-05-12 15:43:53] [INFO] 步骤4: 写入WIKI全文版...
[2026-05-12 15:43:54] [SUCCESS] 文件写入成功: /app/data/所有对话/主对话/STANDERRA-Wiki/三、支撑域/市场研究/rwanda/deep-research/eac-infrastructure-throughput-comparison.md
[2026-05-12 15:43:54] [SUCCESS] 校验通过: /app/data/所有对话/主对话/STANDERRA-Wiki/三、支撑域/市场研究/rwanda/deep-research/eac-infrastructure-throughput-comparison.md
[2026-05-12 15:43:54] [INFO] 步骤5: 写入网站脱敏版...
[2026-05-12 15:43:54] [SUCCESS] 文件写入成功: /root/invest-db/src/content/countries/rwanda/industry/logistics/eac-infrastructure-throughput-comparison.mdx
[2026-05-12 15:43:54] [SUCCESS] 校验通过: /root/invest-db/src/content/countries/rwanda/industry/logistics/eac-infrastructure-throughput-comparison.mdx
[2026-05-12 15:43:54] [INFO] 步骤6: Build验证...
[2026-05-12 15:43:54] [INFO] 跳过Build验证（--skip-build参数）
[2026-05-12 15:43:54] [INFO] 任务: ethiopia-infrastructure-throughput
[2026-05-12 15:43:54] [INFO] 开始处理: /app/data/所有对话/主对话/用户上传/东非五国投资情报与埃塞俄比亚基础设施实际吞吐量深度调研报告_1778571759972_3_7tvx.pdf
[2026-05-12 15:43:54] [INFO] 步骤1: 解析PDF...
[2026-05-12 15:43:54] [INFO] 开始解析PDF: /app/data/所有对话/主对话/用户上传/东非五国投资情报与埃塞俄比亚基础设施实际吞吐量深度调研报告_1778571759972_3_7tvx.pdf
[2026-05-12 15:43:54] [SUCCESS] PDF解析成功，使用pdftotext，共13592字符
[2026-05-12 15:43:54] [INFO] 源文件指纹: MD5=e465ff433b78bb6d..., SHA256=03bb4b606c820276...
[2026-05-12 15:43:54] [INFO] 步骤2: 生成目标路径...
[2026-05-12 15:43:54] [INFO] intel-kb: /root/invest-db/intel-kb/internal/ethiopia/ethiopia-infrastructure-throughput.md
[2026-05-12 15:43:54] [INFO] WIKI: /app/data/所有对话/主对话/STANDERRA-Wiki/三、支撑域/市场研究/ethiopia/deep-research/ethiopia-infrastructure-throughput.md
[2026-05-12 15:43:54] [INFO] 网站: /root/invest-db/src/content/countries/ethiopia/industry/artery/ethiopia-infrastructure-throughput.mdx
[2026-05-12 15:43:54] [INFO] 步骤3: 写入intel-kb全文版...
[2026-05-12 15:43:54] [SUCCESS] 文件写入成功: /root/invest-db/intel-kb/internal/ethiopia/ethiopia-infrastructure-throughput.md
[2026-05-12 15:43:54] [SUCCESS] 校验通过: /root/invest-db/intel-kb/internal/ethiopia/ethiopia-infrastructure-throughput.md
[2026-05-12 15:43:54] [INFO] 步骤4: 写入WIKI全文版...
[2026-05-12 15:43:54] [SUCCESS] 文件写入成功: /app/data/所有对话/主对话/STANDERRA-Wiki/三、支撑域/市场研究/ethiopia/deep-research/ethiopia-infrastructure-throughput.md
[2026-05-12 15:43:54] [SUCCESS] 校验通过: /app/data/所有对话/主对话/STANDERRA-Wiki/三、支撑域/市场研究/ethiopia/deep-research/ethiopia-infrastructure-throughput.md
[2026-05-12 15:43:54] [INFO] 步骤5: 写入网站脱敏版...
[2026-05-12 15:43:54] [SUCCESS] 文件写入成功: /root/invest-db/src/content/countries/ethiopia/industry/artery/ethiopia-infrastructure-throughput.mdx
[2026-05-12 15:43:54] [SUCCESS] 校验通过: /root/invest-db/src/content/countries/ethiopia/industry/artery/ethiopia-infrastructure-throughput.mdx
[2026-05-12 15:43:54] [INFO] 步骤6: Build验证...
[2026-05-12 15:43:54] [INFO] 跳过Build验证（--skip-build参数）
[2026-05-12 15:43:54] [INFO] 任务: eac-geo-practical-constraints
[2026-05-12 15:43:54] [INFO] 开始处理: /app/data/所有对话/主对话/用户上传/东非五国投资情报与地理实操约束深度分析报告_1778571759972_4_k6ac.pdf
[2026-05-12 15:43:54] [INFO] 步骤1: 解析PDF...
[2026-05-12 15:43:54] [INFO] 开始解析PDF: /app/data/所有对话/主对话/用户上传/东非五国投资情报与地理实操约束深度分析报告_1778571759972_4_k6ac.pdf
[2026-05-12 15:43:54] [SUCCESS] PDF解析成功，使用pdftotext，共11901字符
[2026-05-12 15:43:54] [INFO] 源文件指纹: MD5=a70b595a2804f732..., SHA256=6b3811fa0a221911...
[2026-05-12 15:43:54] [INFO] 步骤2: 生成目标路径...
[2026-05-12 15:43:54] [INFO] intel-kb: /root/invest-db/intel-kb/internal/tanzania/eac-geo-practical-constraints.md
[2026-05-12 15:43:54] [INFO] WIKI: /app/data/所有对话/主对话/STANDERRA-Wiki/三、支撑域/市场研究/tanzania/deep-research/eac-geo-practical-constraints.md
[2026-05-12 15:43:54] [INFO] 网站: /root/invest-db/src/content/countries/tanzania/insight/structural-change/eac-geo-practical-constraints.mdx
[2026-05-12 15:43:54] [INFO] 步骤3: 写入intel-kb全文版...
[2026-05-12 15:43:54] [SUCCESS] 文件写入成功: /root/invest-db/intel-kb/internal/tanzania/eac-geo-practical-constraints.md
[2026-05-12 15:43:54] [SUCCESS] 校验通过: /root/invest-db/intel-kb/internal/tanzania/eac-geo-practical-constraints.md
[2026-05-12 15:43:54] [INFO] 步骤4: 写入WIKI全文版...
[2026-05-12 15:43:54] [SUCCESS] 文件写入成功: /app/data/所有对话/主对话/STANDERRA-Wiki/三、支撑域/市场研究/tanzania/deep-research/eac-geo-practical-constraints.md
[2026-05-12 15:43:54] [SUCCESS] 校验通过: /app/data/所有对话/主对话/STANDERRA-Wiki/三、支撑域/市场研究/tanzania/deep-research/eac-geo-practical-constraints.md
[2026-05-12 15:43:54] [INFO] 步骤5: 写入网站脱敏版...
[2026-05-12 15:43:54] [SUCCESS] 文件写入成功: /root/invest-db/src/content/countries/tanzania/insight/structural-change/eac-geo-practical-constraints.mdx
[2026-05-12 15:43:54] [SUCCESS] 校验通过: /root/invest-db/src/content/countries/tanzania/insight/structural-change/eac-geo-practical-constraints.mdx
[2026-05-12 15:43:54] [INFO] 步骤6: Build验证...
[2026-05-12 15:43:54] [INFO] 跳过Build验证（--skip-build参数）
[2026-05-12 15:43:54] [INFO] 任务: kenya-supply-chain-availability
[2026-05-12 15:43:54] [INFO] 开始处理: /app/data/所有对话/主对话/用户上传/肯尼亚供应链可获性深度评估报告：中资企业东非区域配送中心与制造基地投资指南 (2026版)_1778571759972_5_9fip.pdf
[2026-05-12 15:43:54] [INFO] 步骤1: 解析PDF...
[2026-05-12 15:43:54] [INFO] 开始解析PDF: /app/data/所有对话/主对话/用户上传/肯尼亚供应链可获性深度评估报告：中资企业东非区域配送中心与制造基地投资指南 (2026版)_1778571759972_5_9fip.pdf
[2026-05-12 15:43:55] [SUCCESS] PDF解析成功，使用pdftotext，共12869字符
[2026-05-12 15:43:55] [INFO] 源文件指纹: MD5=b0f1d3583eda7737..., SHA256=b11cd387102f0b13...
[2026-05-12 15:43:55] [INFO] 步骤2: 生成目标路径...
[2026-05-12 15:43:55] [INFO] intel-kb: /root/invest-db/intel-kb/internal/kenya/kenya-supply-chain-availability.md
[2026-05-12 15:43:55] [INFO] WIKI: /app/data/所有对话/主对话/STANDERRA-Wiki/三、支撑域/市场研究/kenya/deep-research/kenya-supply-chain-availability.md
[2026-05-12 15:43:55] [INFO] 网站: /root/invest-db/src/content/countries/kenya/industry/foundation/kenya-supply-chain-availability.mdx
[2026-05-12 15:43:55] [INFO] 步骤3: 写入intel-kb全文版...
[2026-05-12 15:43:55] [SUCCESS] 文件写入成功: /root/invest-db/intel-kb/internal/kenya/kenya-supply-chain-availability.md
[2026-05-12 15:43:55] [SUCCESS] 校验通过: /root/invest-db/intel-kb/internal/kenya/kenya-supply-chain-availability.md
[2026-05-12 15:43:55] [INFO] 步骤4: 写入WIKI全文版...
[2026-05-12 15:43:55] [SUCCESS] 文件写入成功: /app/data/所有对话/主对话/STANDERRA-Wiki/三、支撑域/市场研究/kenya/deep-research/kenya-supply-chain-availability.md
[2026-05-12 15:43:55] [SUCCESS] 校验通过: /app/data/所有对话/主对话/STANDERRA-Wiki/三、支撑域/市场研究/kenya/deep-research/kenya-supply-chain-availability.md
[2026-05-12 15:43:55] [INFO] 步骤5: 写入网站脱敏版...
[2026-05-12 15:43:55] [SUCCESS] 文件写入成功: /root/invest-db/src/content/countries/kenya/industry/foundation/kenya-supply-chain-availability.mdx
[2026-05-12 15:43:55] [SUCCESS] 校验通过: /root/invest-db/src/content/countries/kenya/industry/foundation/kenya-supply-chain-availability.mdx
[2026-05-12 15:43:55] [INFO] 步骤6: Build验证...
[2026-05-12 15:43:55] [INFO] 跳过Build验证（--skip-build参数）
[2026-05-12 15:43:55] [SUCCESS] 所有任务处理完成
