[2026-05-12 18:04:39] [INFO] 开始处理: /app/data/所有对话/主对话/用户上传/东非投资情报深度报告：卢旺达供应链可获性与区域总部选址极限测试 (2026版)_1778580144926_1_qzd6.pdf
[2026-05-12 18:04:39] [INFO] OCR模式: 启用
[2026-05-12 18:04:39] [INFO] 步骤1: 解析PDF...
[2026-05-12 18:04:39] [INFO] 开始解析PDF: /app/data/所有对话/主对话/用户上传/东非投资情报深度报告：卢旺达供应链可获性与区域总部选址极限测试 (2026版)_1778580144926_1_qzd6.pdf
[2026-05-12 18:04:40] [PROGRESS] 开始OCR解析 (DPI=200, 语言=chi_sim+eng, 约12页)...
[2026-05-12 18:04:40] [INFO] 转换PDF为图片 (DPI=200)...
[2026-05-12 18:04:47] [INFO] PDF共12页，开始OCR识别...
[2026-05-12 18:04:47] [PROGRESS] [1/12] 已完成
[2026-05-12 18:04:50] [PROGRESS] [2/12] 已完成
[2026-05-12 18:04:55] [PROGRESS] [3/12] 已完成
[2026-05-12 18:04:59] [PROGRESS] [4/12] 已完成
[2026-05-12 18:05:03] [PROGRESS] [5/12] 已完成
[2026-05-12 18:05:07] [PROGRESS] [6/12] 已完成
[2026-05-12 18:05:11] [PROGRESS] [7/12] 已完成
[2026-05-12 18:05:15] [PROGRESS] [8/12] 已完成
[2026-05-12 18:05:19] [PROGRESS] [9/12] 已完成
[2026-05-12 18:05:22] [PROGRESS] [10/12] 已完成
[2026-05-12 18:05:26] [PROGRESS] [11/12] 已完成
[2026-05-12 18:05:29] [PROGRESS] [12/12] 已完成
[2026-05-12 18:05:29] [INFO] 使用pdftotext解析...
[2026-05-12 18:05:29] [SUCCESS] PDF解析成功，使用pdftotext，共11346字符
[2026-05-12 18:05:29] [INFO] 源文件指纹: MD5=84cbeedad1845f48..., SHA256=2efcc92137d98167...
[2026-05-12 18:05:29] [INFO] 步骤2: 生成目标路径...
[2026-05-12 18:05:29] [INFO] intel-kb: /root/invest-db/intel-kb/rwanda/internal/supply-chain/rwanda-supply-chain-regional-hq.md
[2026-05-12 18:05:29] [INFO] WIKI: /root/invest-db/STANDERRA-Wiki/rwanda/rwanda-supply-chain-regional-hq.md
[2026-05-12 18:05:29] [INFO] 网站: /root/invest-db/Standard-House-Website/src/content/rwanda/insight/supply-chain/rwanda-supply-chain-regional-hq.md
[2026-05-12 18:05:29] [INFO] 步骤3: 写入intel-kb全文版...
[2026-05-12 18:05:29] [SUCCESS] 写入验证通过
[2026-05-12 18:05:29] [INFO] 步骤4: 写入WIKI全文版...
[2026-05-12 18:05:29] [SUCCESS] 写入验证通过
[2026-05-12 18:05:29] [INFO] 步骤5: 写入网站脱敏版...
[2026-05-12 18:05:29] [SUCCESS] 写入验证通过
[2026-05-12 18:05:29] [INFO] 步骤6: Build验证...
[2026-05-12 18:05:29] [INFO] 跳过Build验证
