[2026-05-12 18:03:45] [INFO] 开始处理: /app/data/所有对话/主对话/用户上传/坦桑尼亚供应链可获性与工业化投资深度情报报告_1778580144926_0_k0nf.pdf
[2026-05-12 18:03:45] [INFO] OCR模式: 启用
[2026-05-12 18:03:45] [INFO] 步骤1: 解析PDF...
[2026-05-12 18:03:45] [INFO] 开始解析PDF: /app/data/所有对话/主对话/用户上传/坦桑尼亚供应链可获性与工业化投资深度情报报告_1778580144926_0_k0nf.pdf
[2026-05-12 18:03:46] [PROGRESS] 开始OCR解析 (DPI=200, 语言=chi_sim+eng, 约11页)...
[2026-05-12 18:03:46] [INFO] 转换PDF为图片 (DPI=200)...
[2026-05-12 18:03:52] [INFO] PDF共11页，开始OCR识别...
[2026-05-12 18:03:53] [PROGRESS] [1/11] 已完成
[2026-05-12 18:03:58] [PROGRESS] [2/11] 已完成
[2026-05-12 18:04:03] [PROGRESS] [3/11] 已完成
[2026-05-12 18:04:07] [PROGRESS] [4/11] 已完成
[2026-05-12 18:04:13] [PROGRESS] [5/11] 已完成
[2026-05-12 18:04:16] [PROGRESS] [6/11] 已完成
[2026-05-12 18:04:20] [PROGRESS] [7/11] 已完成
[2026-05-12 18:04:24] [PROGRESS] [8/11] 已完成
[2026-05-12 18:04:27] [PROGRESS] [9/11] 已完成
[2026-05-12 18:04:31] [PROGRESS] [10/11] 已完成
[2026-05-12 18:04:32] [PROGRESS] [11/11] 已完成
[2026-05-12 18:04:32] [INFO] 使用pdftotext解析...
[2026-05-12 18:04:32] [SUCCESS] PDF解析成功，使用pdftotext，共10552字符
[2026-05-12 18:04:32] [INFO] 源文件指纹: MD5=8d70c83560c600e2..., SHA256=030378475e8a8f79...
[2026-05-12 18:04:32] [INFO] 步骤2: 生成目标路径...
[2026-05-12 18:04:32] [INFO] intel-kb: /root/invest-db/intel-kb/tanzania/internal/supply-chain/tanzania-supply-chain-industrialization.md
[2026-05-12 18:04:32] [INFO] WIKI: /root/invest-db/STANDERRA-Wiki/tanzania/tanzania-supply-chain-industrialization.md
[2026-05-12 18:04:32] [INFO] 网站: /root/invest-db/Standard-House-Website/src/content/tanzania/insight/supply-chain/tanzania-supply-chain-industrialization.md
[2026-05-12 18:04:32] [INFO] 步骤3: 写入intel-kb全文版...
[2026-05-12 18:04:32] [SUCCESS] 写入验证通过
[2026-05-12 18:04:32] [INFO] 步骤4: 写入WIKI全文版...
[2026-05-12 18:04:32] [SUCCESS] 写入验证通过
[2026-05-12 18:04:32] [INFO] 步骤5: 写入网站脱敏版...
[2026-05-12 18:04:32] [SUCCESS] 写入验证通过
[2026-05-12 18:04:32] [INFO] 步骤6: Build验证...
[2026-05-12 18:04:32] [INFO] 跳过Build验证
